// Jest Snapshot v1, https://goo.gl/fbAQLP

exports[`Error Boundary matches snapshot 1`] = `
<h1>
  Something has gone wrong.
</h1>
`;
